// Jest Snapshot v1, https://goo.gl/fbAQLP

exports[`factory works 1`] = `
RelationBuilder {
  "destinationSchemaAlias": "",
  "destinationSchemaID": undefined,
  "id": "1234-5678-1234-5678",
  "required": false,
  "source": "user",
  "sourceSchemaAlias": "",
  "sourceSchemaID": undefined,
  "type": "BELONGS_TO",
}
`;
