// Jest Snapshot v1, https://goo.gl/fbAQLP

exports[`factory works 1`] = `
SchemaBuilder {
  "attributes": Array [],
  "configuration": Object {},
  "id": "1234-5678-1234-5678",
  "identifiers": Object {
    "plural": Object {
      "camel": "",
      "kebab": "",
      "label": "",
      "pascal": "",
      "snake": "",
    },
    "singular": Object {
      "camel": "",
      "kebab": "",
      "label": "",
      "pascal": "",
      "snake": "",
    },
  },
  "internalNote": "",
  "locked": false,
  "relations": Array [],
  "removable": true,
  "source": "user",
}
`;
