// Jest Snapshot v1, https://goo.gl/fbAQLP

exports[`renderComponent renders 1`] = `
Object {
  "": "{
name: \\"project\\"
}",
  "destination/pages/movies.tsx": "# GraphQL Schema
type Movie {
  name: String
  email: String
}",
  "destination/pages/users.tsx": "# GraphQL Schema
type User {
}",
}
`;
