// Jest Snapshot v1, https://goo.gl/fbAQLP

exports[`factory works 1`] = `
RelationBuilder {
  "addons": Object {},
  "destinationSchemaAlias": "",
  "destinationSchemaID": "SCHEMA_02",
  "id": "1234-5678-1234-5678",
  "internalNote": undefined,
  "required": false,
  "source": "user",
  "sourceSchemaAlias": "",
  "sourceSchemaID": "SCHEMA_01",
  "type": "BELONGS_TO",
}
`;
