// Jest Snapshot v1, https://goo.gl/fbAQLP

exports[`factory works 1`] = `
SchemaEditorBuilder {
  "attributeAddons": Array [],
  "configurationGroups": Array [],
  "defaultAttributes": Array [],
  "defaultRelations": Array [],
  "defaultSchemas": Array [],
  "documentation": "",
  "enableAttributeDefaultValue": false,
  "supportedDatatypes": Array [
    "STRING",
  ],
  "supportedRelations": Array [
    "TO_ONE",
  ],
}
`;
