// Jest Snapshot v1, https://goo.gl/fbAQLP

exports[`Primitives.TokenCasing works 1`] = `
TokenCasingBuilder {
  "camel": "user",
  "kebab": "user",
  "pascal": "User",
  "snake": "user",
  "title": "User",
}
`;
