// Jest Snapshot v1, https://goo.gl/fbAQLP

exports[`testing @codotype/core 1`] = `
Object {
  "addons": Object {},
  "datatype": null,
  "defaultValue": null,
  "id": "",
  "identifiers": Object {
    "camel": "",
    "kebab": "",
    "label": "",
    "pascal": "",
    "snake": "",
  },
  "internalNote": "",
  "locked": false,
  "source": "user",
}
`;
